#-----------------------------------------------------------
# Vivado v2020.2 (64-bit)
# SW Build 3064766 on Wed Nov 18 09:12:45 MST 2020
# IP Build 3064653 on Wed Nov 18 14:17:31 MST 2020
# Start of session at: Sat May 24 22:27:39 2025
# Process ID: 6256
# Current directory: C:/harman/May_team_project_I2C_SPI/project_i2C_microblaze
# Command line: vivado.exe -gui_launcher_event rodinguilauncherevent9084 C:\harman\May_team_project_I2C_SPI\project_i2C_microblaze\project_i2C_microblaze.xpr
# Log file: C:/harman/May_team_project_I2C_SPI/project_i2C_microblaze/vivado.log
# Journal file: C:/harman/May_team_project_I2C_SPI/project_i2C_microblaze\vivado.jou
#-----------------------------------------------------------
start_gui
open_project C:/harman/May_team_project_I2C_SPI/project_i2C_microblaze/project_i2C_microblaze.xpr
update_compile_order -fileset sources_1
open_hw_manager
connect_hw_server -allow_non_jtag
open_hw_target
current_hw_device [get_hw_devices xc7a35t_0]
refresh_hw_device -update_hw_probes false [lindex [get_hw_devices xc7a35t_0] 0]
reset_run synth_1
launch_runs impl_1 -to_step write_bitstream -jobs 12
wait_on_run impl_1
close_hw_target {localhost:3121/xilinx_tcf/Digilent/210183B9AA55A}
open_hw_target {localhost:3121/xilinx_tcf/Digilent/210183BB7B18A}
current_hw_device [get_hw_devices xc7a35t_0_1]
refresh_hw_device -update_hw_probes false [lindex [get_hw_devices xc7a35t_0_1] 0]
close_hw_target {localhost:3121/xilinx_tcf/Digilent/210183BB7B18A}
open_hw_target {localhost:3121/xilinx_tcf/Digilent/210183B9AA55A}
current_hw_device [get_hw_devices xc7a35t_0]
refresh_hw_device -update_hw_probes false [lindex [get_hw_devices xc7a35t_0] 0]
reset_run synth_1
reset_run I2C_Master_Controler_I2C_Master_0_3_synth_1
launch_runs impl_1 -to_step write_bitstream -jobs 12
wait_on_run impl_1
set_property PROBES.FILE {} [get_hw_devices xc7a35t_0]
set_property FULL_PROBES.FILE {} [get_hw_devices xc7a35t_0]
set_property PROGRAM.FILE {C:/harman/May_team_project_I2C_SPI/project_i2C_microblaze/project_i2C_microblaze.runs/impl_1/I2C_Master_Controler_wrapper.bit} [get_hw_devices xc7a35t_0]
program_hw_devices [get_hw_devices xc7a35t_0]
refresh_hw_device [lindex [get_hw_devices xc7a35t_0] 0]
write_hw_platform -fixed -include_bit -force -file D:/Downloads/vitis_workspace/Hardware_Platforms/I2C_Master_Controler_wrapper.xsa
