#-----------------------------------------------------------
# Vivado v2020.2 (64-bit)
# SW Build 3064766 on Wed Nov 18 09:12:45 MST 2020
# IP Build 3064653 on Wed Nov 18 14:17:31 MST 2020
# Start of session at: Tue May 27 15:45:14 2025
# Process ID: 52300
# Current directory: C:/harman/May_team_project_I2C_SPI/project_I2C
# Command line: vivado.exe -gui_launcher_event rodinguilauncherevent44540 C:\harman\May_team_project_I2C_SPI\project_I2C\project_I2C_SPI.xpr
# Log file: C:/harman/May_team_project_I2C_SPI/project_I2C/vivado.log
# Journal file: C:/harman/May_team_project_I2C_SPI/project_I2C\vivado.jou
#-----------------------------------------------------------
start_gui
open_project C:/harman/May_team_project_I2C_SPI/project_I2C/project_I2C_SPI.xpr
update_compile_order -fileset sources_1
update_compile_order -fileset sources_1
update_compile_order -fileset sources_1
synth_design -rtl -rtl_skip_mlo -name rtl_1
update_compile_order -fileset sources_1
refresh_design
refresh_design
refresh_design
refresh_design
refresh_design
update_compile_order -fileset sources_1
refresh_design
