#-----------------------------------------------------------
# Vivado v2020.2 (64-bit)
# SW Build 3064766 on Wed Nov 18 09:12:45 MST 2020
# IP Build 3064653 on Wed Nov 18 14:17:31 MST 2020
# Start of session at: Mon May 26 04:50:50 2025
# Process ID: 24224
# Current directory: C:/harman/20250525_May_Project_SPI/20250523_SPI_AXI_Master_MICROBLAZE
# Command line: vivado.exe -gui_launcher_event rodinguilauncherevent17748 C:\harman\20250525_May_Project_SPI\20250523_SPI_AXI_Master_MICROBLAZE\20250523_SPI_AXI_Master.xpr
# Log file: C:/harman/20250525_May_Project_SPI/20250523_SPI_AXI_Master_MICROBLAZE/vivado.log
# Journal file: C:/harman/20250525_May_Project_SPI/20250523_SPI_AXI_Master_MICROBLAZE\vivado.jou
#-----------------------------------------------------------
start_gui
open_project C:/harman/20250525_May_Project_SPI/20250523_SPI_AXI_Master_MICROBLAZE/20250523_SPI_AXI_Master.xpr
update_compile_order -fileset sources_1
reset_run impl_1 -prev_step 
launch_runs impl_1 -to_step write_bitstream -jobs 12
wait_on_run impl_1
open_hw_manager
